Performing C++ SOURCE FILE Test CMAKE_HAVE_LIBC_PTHREAD failed with the following output:
Change Dir: /home/adithya/Downloads/v3 - trying out parallel processing of the multiplication program/bigint-multiplication/build/CMakeFiles/CMakeTmp

Run Build Command(s):/usr/bin/make cmTC_930e4/fast && /usr/bin/make  -f CMakeFiles/cmTC_930e4.dir/build.make CMakeFiles/cmTC_930e4.dir/build
make[1]: Entering directory '/home/adithya/Downloads/v3 - trying out parallel processing of the multiplication program/bigint-multiplication/build/CMakeFiles/CMakeTmp'
Building CXX object CMakeFiles/cmTC_930e4.dir/src.cxx.o
/usr/bin/c++   -DCMAKE_HAVE_LIBC_PTHREAD -std=c++2a -o CMakeFiles/cmTC_930e4.dir/src.cxx.o -c "/home/adithya/Downloads/v3 - trying out parallel processing of the multiplication program/bigint-multiplication/build/CMakeFiles/CMakeTmp/src.cxx"
Linking CXX executable cmTC_930e4
/usr/local/lib/python3.8/dist-packages/cmake/data/bin/cmake -E cmake_link_script CMakeFiles/cmTC_930e4.dir/link.txt --verbose=1
/usr/bin/c++  -DCMAKE_HAVE_LIBC_PTHREAD CMakeFiles/cmTC_930e4.dir/src.cxx.o -o cmTC_930e4 
/usr/bin/ld: CMakeFiles/cmTC_930e4.dir/src.cxx.o: in function `main':
src.cxx:(.text+0x46): undefined reference to `pthread_create'
/usr/bin/ld: src.cxx:(.text+0x52): undefined reference to `pthread_detach'
/usr/bin/ld: src.cxx:(.text+0x5e): undefined reference to `pthread_cancel'
/usr/bin/ld: src.cxx:(.text+0x6f): undefined reference to `pthread_join'
collect2: error: ld returned 1 exit status
make[1]: *** [CMakeFiles/cmTC_930e4.dir/build.make:106: cmTC_930e4] Error 1
make[1]: Leaving directory '/home/adithya/Downloads/v3 - trying out parallel processing of the multiplication program/bigint-multiplication/build/CMakeFiles/CMakeTmp'
make: *** [Makefile:140: cmTC_930e4/fast] Error 2


Source file was:
#include <pthread.h>

void* test_func(void* data)
{
  return data;
}

int main(void)
{
  pthread_t thread;
  pthread_create(&thread, NULL, test_func, NULL);
  pthread_detach(thread);
  pthread_cancel(thread);
  pthread_join(thread, NULL);
  pthread_atfork(NULL, NULL, NULL);
  pthread_exit(NULL);

  return 0;
}

Determining if the function pthread_create exists in the pthreads failed with the following output:
Change Dir: /home/adithya/Downloads/v3 - trying out parallel processing of the multiplication program/bigint-multiplication/build/CMakeFiles/CMakeTmp

Run Build Command(s):/usr/bin/make cmTC_4da7d/fast && /usr/bin/make  -f CMakeFiles/cmTC_4da7d.dir/build.make CMakeFiles/cmTC_4da7d.dir/build
make[1]: Entering directory '/home/adithya/Downloads/v3 - trying out parallel processing of the multiplication program/bigint-multiplication/build/CMakeFiles/CMakeTmp'
Building CXX object CMakeFiles/cmTC_4da7d.dir/CheckFunctionExists.cxx.o
/usr/bin/c++   -DCHECK_FUNCTION_EXISTS=pthread_create -std=c++2a -o CMakeFiles/cmTC_4da7d.dir/CheckFunctionExists.cxx.o -c "/home/adithya/Downloads/v3 - trying out parallel processing of the multiplication program/bigint-multiplication/build/CMakeFiles/CheckLibraryExists/CheckFunctionExists.cxx"
Linking CXX executable cmTC_4da7d
/usr/local/lib/python3.8/dist-packages/cmake/data/bin/cmake -E cmake_link_script CMakeFiles/cmTC_4da7d.dir/link.txt --verbose=1
/usr/bin/c++  -DCHECK_FUNCTION_EXISTS=pthread_create CMakeFiles/cmTC_4da7d.dir/CheckFunctionExists.cxx.o -o cmTC_4da7d  -lpthreads 
/usr/bin/ld: cannot find -lpthreads
collect2: error: ld returned 1 exit status
make[1]: *** [CMakeFiles/cmTC_4da7d.dir/build.make:106: cmTC_4da7d] Error 1
make[1]: Leaving directory '/home/adithya/Downloads/v3 - trying out parallel processing of the multiplication program/bigint-multiplication/build/CMakeFiles/CMakeTmp'
make: *** [Makefile:140: cmTC_4da7d/fast] Error 2



